// Jest Snapshot v1, https://goo.gl/fbAQLP

exports[`ProjectHeader renders correctly 1`] = `
<header
  className=""
>
  <div
    aria-hidden={true}
    className="absolute w-7 -top-8 left-2 lg:w-8 lg:top-2 lg:left-[-4.5rem]"
  >
    <test-file-stub />
  </div>
  <h1
    className="relative inline-block mb-xs"
  >
    Project Header
    <span
      className="font-mono italic font-light text-sm inline-block p-[0_1em]"
    >
      {
      art
      }
    </span>
    <span
      aria-hidden={true}
      className="absolute block top-[-12px] left-[-10px] w-full h-full rotate-[-2deg] z-[-1] bg-th-highlight"
    />
  </h1>
  <p
    className="italic text-lg"
  >
    test project header
  </p>
  <p
    className="text-sm"
  >
    one / 
    two / 
    three / 
  </p>
</header>
`;
